// Jest Snapshot v1, https://goo.gl/fbAQLP

exports[`Pruebas en <GifGridItem /> debe de mostrar <GifGridItem /> correctamente 1`] = `
<div
  className="card animate__animated animate__fadeIn"
>
  <img
    alt="No hay gif amigo"
    className="gif"
    src="https://localhost/test.jpg"
  />
  <p>
    Titulo
  </p>
</div>
`;
